Windows PowerShell
Copyright (C) Microsoft Corporation. All rights reserved.

Install the latest PowerShell for new features and improvements! https://aka.ms/PSWindows

PS C:\Users\night> py -m venv env
py : The term 'py' is not recognized as the name of a cmdlet, function, script file, or operable program. Check the
spelling of the name, or if a path was included, verify that the path is correct and try again.
At line:1 char:1
+ py -m venv env
+ ~~
    + CategoryInfo          : ObjectNotFound: (py:String) [], CommandNotFoundException
    + FullyQualifiedErrorId : CommandNotFoundException

PS C:\Users\night> py -m pip install --user virtualenv
py : The term 'py' is not recognized as the name of a cmdlet, function, script file, or operable program. Check the
spelling of the name, or if a path was included, verify that the path is correct and try again.
At line:1 char:1
+ py -m pip install --user virtualenv
+ ~~
    + CategoryInfo          : ObjectNotFound: (py:String) [], CommandNotFoundException
    + FullyQualifiedErrorId : CommandNotFoundException

PS C:\Users\night> python -m venv env
PS C:\Users\night> python -m pip install --user virtualenv
Collecting virtualenv
  Obtaining dependency information for virtualenv from https://files.pythonhosted.org/packages/4e/8b/f0d3a468c0186c603217a6656ea4f49259630e8ed99558501d92f6ff7dc3/virtualenv-20.24.5-py3-none-any.whl.metadata
  Downloading virtualenv-20.24.5-py3-none-any.whl.metadata (4.5 kB)
Collecting distlib<1,>=0.3.7 (from virtualenv)
  Obtaining dependency information for distlib<1,>=0.3.7 from https://files.pythonhosted.org/packages/43/a0/9ba967fdbd55293bacfc1507f58e316f740a3b231fc00e3d86dc39bc185a/distlib-0.3.7-py2.py3-none-any.whl.metadata
  Downloading distlib-0.3.7-py2.py3-none-any.whl.metadata (5.1 kB)
Collecting filelock<4,>=3.12.2 (from virtualenv)
  Obtaining dependency information for filelock<4,>=3.12.2 from https://files.pythonhosted.org/packages/5e/5d/97afbafd9d584ff1b45fcb354a479a3609bd97f912f8f1f6c563cb1fae21/filelock-3.12.4-py3-none-any.whl.metadata
  Downloading filelock-3.12.4-py3-none-any.whl.metadata (2.8 kB)
Collecting platformdirs<4,>=3.9.1 (from virtualenv)
  Obtaining dependency information for platformdirs<4,>=3.9.1 from https://files.pythonhosted.org/packages/56/29/3ec311dc18804409ecf0d2b09caa976f3ae6215559306b5b530004e11156/platformdirs-3.11.0-py3-none-any.whl.metadata
  Downloading platformdirs-3.11.0-py3-none-any.whl.metadata (11 kB)
Downloading virtualenv-20.24.5-py3-none-any.whl (3.7 MB)
   ━━━━━━━━━━━━━━━━━━━━━━━━━━━━━━━━━━━━━━━━ 3.7/3.7 MB 13.3 MB/s eta 0:00:00
Downloading distlib-0.3.7-py2.py3-none-any.whl (468 kB)
   ━━━━━━━━━━━━━━━━━━━━━━━━━━━━━━━━━━━━━━━━ 468.9/468.9 kB 14.8 MB/s eta 0:00:00
Downloading filelock-3.12.4-py3-none-any.whl (11 kB)
Downloading platformdirs-3.11.0-py3-none-any.whl (17 kB)
Installing collected packages: distlib, platformdirs, filelock, virtualenv
  WARNING: The script virtualenv.exe is installed in 'C:\Users\night\AppData\Local\Packages\PythonSoftwareFoundation.Python.3.11_qbz5n2kfra8p0\LocalCache\local-packages\Python311\Scripts' which is not on PATH.
  Consider adding this directory to PATH or, if you prefer to suppress this warning, use --no-warn-script-location.
Successfully installed distlib-0.3.7 filelock-3.12.4 platformdirs-3.11.0 virtualenv-20.24.5
PS C:\Users\night> pip install pokerkit
Requirement already satisfied: pokerkit in c:\users\night\appdata\local\packages\pythonsoftwarefoundation.python.3.11_qbz5n2kfra8p0\localcache\local-packages\python311\site-packages (0.3.0)
PS C:\Users\night> cd Downloads\pokerai
PS C:\Users\night\Downloads\pokerai> run pokerai\poker_kit_game.py
run : The term 'run' is not recognized as the name of a cmdlet, function, script file, or operable program. Check the
spelling of the name, or if a path was included, verify that the path is correct and try again.
At line:1 char:1
+ run pokerai\poker_kit_game.py
+ ~~~
    + CategoryInfo          : ObjectNotFound: (run:String) [], CommandNotFoundException
    + FullyQualifiedErrorId : CommandNotFoundException

PS C:\Users\night\Downloads\pokerai> pokerai\poker_kit_game.py
PS C:\Users\night\Downloads\pokerai>

PS C:\Users\night\Downloads\pokerai> play_game()
At line:1 char:11
+ play_game()
+           ~
An expression was expected after '('.
    + CategoryInfo          : ParserError: (:) [], ParentContainsErrorRecordException
    + FullyQualifiedErrorId : ExpectedExpression

PS C:\Users\night\Downloads\pokerai> cd pokerai
PS C:\Users\night\Downloads\pokerai\pokerai> poker_kit_game.py
poker_kit_game.py : The term 'poker_kit_game.py' is not recognized as the
name of a cmdlet, function, script file, or operable program. Check the
spelling of the name, or if a path was included, verify that the path is
correct and try again.
At line:1 char:1
+ poker_kit_game.py
+ ~~~~~~~~~~~~~~~~~
    + CategoryInfo          : ObjectNotFound: (poker_kit_game.py:String) [
   ], CommandNotFoundException
    + FullyQualifiedErrorId : CommandNotFoundException


Suggestion [3,General]: The command poker_kit_game.py was not found, but does exist in the current location. Windows PowerShell does not load commands from the current location by default. If you trust this command, instead type: ".\poker_kit_game.py". See "get-help about_Command_Precedence" for more details.
PS C:\Users\night\Downloads\pokerai\pokerai> .\poker_kit_game.py
PS C:\Users\night\Downloads\pokerai\pokerai>
                                             python poker_kit_game.py
What is your name? -> "Doc Martin"
[<randomplayer.Player object at 0x00000201EDF45CD0>, <randomplayer1.Player object at 0x00000201EEEEDED0>, <randomplayer2.Player object at 0x00000201EEEEDF10>, <randomplayer3.Player object at 0x00000201EDE54B90>, <randomplayer4.Player object at 0x00000201EEEEE490>, <randomplayer5.Player object at 0x00000201EEEEE510>, <userplayer.Player object at 0x00000201EEEEE550>]
"Doc Martin": game start
"Doc Martin": ('remaining', 1)
"Doc Martin": ('hand', 1)
"Doc Martin": ('players', ['Random player', 'Random player 1', 'Random player 2', 'Random player 3', 'Random player 4', 'Random player 5', '"Doc Martin"'])
"Doc Martin": ('stacks', (1000, 1000, 1000, 1000, 1000, 1000, 1000))
"Doc Martin": ('blind amounts', 25, 50)
"Doc Martin": ('blind players', 'Random player', 'Random player 1')
"Doc Martin": ('hole cards', [6 of 3, 14 of 2])
"Doc Martin": ('check or call', 'Random player 2', 50)
"Doc Martin": ('fold', 'Random player 3')
"Doc Martin": ('check or call', 'Random player 4', 50)
"Doc Martin": ('fold', 'Random player 5')
"Doc Martin" - Would you like to:
1. Check or Call
2. All In
3. Fold
4. Raise

Enter a number from 1 to 4. -> 2
"Doc Martin": ('all in', '"Doc Martin"', 1000)
"Doc Martin": ('check or call', 'Random player', 1000)
"Doc Martin": ('check or call', 'Random player 1', 1000)
"Doc Martin": ('check or call', 'Random player 2', 1000)
"Doc Martin": ('check or call', 'Random player 4', 1000)
"Doc Martin": ('flop', [12 of 4, 2 of 3, 3 of 3])
"Doc Martin": ('turn', 13 of 4)
"Doc Martin": ('river', 4 of 3)
"Doc Martin": ('reveal', [[3 of 4, 13 of 2], [10 of 4, 9 of 2], [8 of 4, 8 of 3], [14 of 1, 9 of 3], [6 of 2, 12 of 2], [11 of 2, 4 of 1], [6 of 3, 14 of 2]])
"Doc Martin": ('winnings', [5000, 0, 0, 0, 0, 0, 0])
Random player 5
PS C:\Users\night\Downloads\pokerai\pokerai> python poker_kit_game.py
What is your name? -> "sara"
[<mclovin.Player object at 0x000002628AA42A10>, <randomplayer.Player object at 0x000002628B9EDB10>, <randomplayer1.Player object at 0x000002628B9EDC10>, <randomplayer2.Player object at 0x000002628B9EDC50>, <randomplayer3.Player object at 0x000002628B9EDC90>, <randomplayer4.Player object at 0x000002628B9EDCD0>, <randomplayer5.Player object at 0x000002628B9EDD10>, <userplayer.Player object at 0x000002628B9EDD50>]
"sara": game start
"sara": ('remaining', 1)
"sara": ('hand', 1)
"sara": ('players', ['The name of your bot.', 'Random player', 'Random player 1', 'Random player 2', 'Random player 3', 'Random player 4', 'Random player 5', '"sara"'])
"sara": ('stacks', (1000, 1000, 1000, 1000, 1000, 1000, 1000, 1000))
"sara": ('blind amounts', 25, 50)
"sara": ('blind players', 'The name of your bot.', 'Random player')
"sara": ('hole cards', [13 of 3, 2 of 1])
"sara": ('fold', 'Random player 1')
"sara": ('fold', 'Random player 2')
"sara": ('check or call', 'Random player 3', 50)
"sara": ('fold', 'Random player 4')
"sara": ('fold', 'Random player 5')
"sara" - Would you like to:
1. Check or Call
2. All In
3. Fold
4. Raise

Enter a number from 1 to 4. -> 4
How much would you like to bet? -> 2
"sara": ('check or call', '"sara"', 50)
"sara": ('fold', 'The name of your bot.')
"sara": ('check or call', 'Random player', 50)
"sara": ('flop', [7 of 3, 11 of 2, 8 of 1])
"sara": ('raise', 'Random player', 450)
"sara": ('fold', 'Random player 3')
"sara" - Would you like to:
1. Check or Call
2. All In
3. Fold
4. Raise

Enter a number from 1 to 4. -> 4
How much would you like to bet? -> 12
"sara": ('check or call', '"sara"', 450)
"sara": ('turn', 11 of 1)
"sara": ('check or call', 'Random player', 0)
"sara" - Would you like to:
1. Check or Call
2. All In
3. Fold
4. Raise

Enter a number from 1 to 4. -> 4
How much would you like to bet? -> 13
"sara": ('check or call', '"sara"', 0)
"sara": ('river', 5 of 3)
"sara": ('check or call', 'Random player', 0)
"sara" - Would you like to:
1. Check or Call
2. All In
3. Fold
4. Raise

Enter a number from 1 to 4. -> 2
"sara": ('all in', '"sara"', 500)
"sara": ('check or call', 'Random player', 500)
"sara": ('reveal', [[13 of 2, 11 of 3], [6 of 4, 8 of 4], [12 of 1, 9 of 2], [12 of 4, 8 of 3], [10 of 1, 4 of 4], [13 of 4, 11 of 4], [14 of 4, 9 of 4], [13 of 3, 2 of 1]])
"sara": ('winnings', [0, 2075, 0, 0, 0, 0, 0, 0])
Random player
PS C:\Users\night\Downloads\pokerai\pokerai> python poker_kit_game.py
What is your name? -> "tydon"
[<mclovin.Player object at 0x000002723FC32A10>, <randomplayer.Player object at 0x0000027240BED6D0>, <randomplayer1.Player object at 0x0000027240BED850>, <randomplayer2.Player object at 0x0000027240BED890>, <randomplayer3.Player object at 0x0000027240BED8D0>, <randomplayer4.Player object at 0x0000027240BED950>, <randomplayer5.Player object at 0x0000027240BED990>, <userplayer.Player object at 0x0000027240BED9D0>]
"tydon": game start
"tydon": ('remaining', 1)
"tydon": ('hand', 1)
"tydon": ('players', ['The name of your bot.', 'Random player', 'Random player 1', 'Random player 2', 'Random player 3', 'Random player 4', 'Random player 5', '"tydon"'])
"tydon": ('stacks', (1000, 1000, 1000, 1000, 1000, 1000, 1000, 1000))
"tydon": ('blind amounts', 25, 50)
"tydon": ('blind players', 'The name of your bot.', 'Random player')
"tydon": ('hole cards', [6 of 1, 4 of 2])
"tydon": ('raise', 'Random player 1', 100)
"tydon": ('fold', 'Random player 2')
"tydon": ('raise', 'Random player 3', 250)
"tydon": ('check or call', 'Random player 4', 250)
"tydon": ('check or call', 'Random player 5', 250)
"tydon" - Would you like to:
1. Check or Call
2. All In
3. Fold
4. Raise

Enter a number from 1 to 4. -> 1
"tydon": ('check or call', '"tydon"', 250)
"tydon": ('fold', 'The name of your bot.')
"tydon": ('fold', 'Random player')
"tydon": ('raise', 'Random player 1', 750)
"tydon": ('fold', 'Random player 3')
"tydon": ('check or call', 'Random player 4', 750)
"tydon": ('fold', 'Random player 5')
"tydon" - Would you like to:
1. Check or Call
2. All In
3. Fold
4. Raise

Enter a number from 1 to 4. -> 3
"tydon": ('fold', '"tydon"')
"tydon": ('flop', [7 of 4, 8 of 1, 9 of 3])
"tydon": ('check or call', 'Random player 1', 0)
"tydon": ('check or call', 'Random player 4', 0)
"tydon": ('turn', 10 of 3)
"tydon": ('check or call', 'Random player 1', 0)
"tydon": ('check or call', 'Random player 4', 0)
"tydon": ('river', 10 of 4)
"tydon": ('check or call', 'Random player 1', 0)
"tydon": ('check or call', 'Random player 4', 0)
"tydon": ('reveal', [[5 of 4, 12 of 1], [6 of 3, 9 of 4], [5 of 1, 11 of 1], [4 of 3, 8 of 2], [13 of 1, 14 of 1], [6 of 2, 13 of 2], [10 of 1, 13 of 4], [6 of 1, 4 of 2]])
"tydon": ('winnings', [0, 0, 2325, 0, 0, 0, 0, 0])
"tydon": ('hand', 2)
"tydon": ('players', ['Random player', 'Random player 1', 'Random player 2', 'Random player 3', 'Random player 4', 'Random player 5', '"tydon"', 'The name of your bot.'])
"tydon": ('stacks', (950, 2575, 1000, 750, 250, 750, 750, 975))
"tydon": ('blind amounts', 25, 50)
"tydon": ('blind players', 'Random player', 'Random player 1')
"tydon": ('hole cards', [6 of 4, 8 of 4])
"tydon": ('fold', 'Random player 2')
"tydon": ('fold', 'Random player 3')
"tydon": ('fold', 'Random player 4')
"tydon": ('fold', 'Random player 5')
"tydon" - Would you like to:
1. Check or Call
2. All In
3. Fold
4. Raise

Enter a number from 1 to 4. -> 2
"tydon": ('all in', '"tydon"', 750)
"tydon": ('fold', 'The name of your bot.')
"tydon": ('fold', 'Random player')
"tydon": ('check or call', 'Random player 1', 750)
"tydon": ('flop', [3 of 2, 8 of 1, 13 of 4])
"tydon": ('turn', 12 of 3)
"tydon": ('river', 6 of 2)
"tydon": ('reveal', [[3 of 3, 9 of 1], [12 of 4, 11 of 3], [2 of 4, 5 of 3], [8 of 2, 6 of 3], [7 of 2, 14 of 2], [10 of 2, 9 of 3], [6 of 4, 8 of 4], [10 of 4, 8 of 3]])
"tydon": ('winnings', [0, 0, 0, 0, 0, 0, 1525, 0])
"tydon": ('hand', 3)
"tydon": ('players', ['Random player 1', 'Random player 2', 'Random player 3', 'Random player 4', 'Random player 5', '"tydon"', 'The name of your bot.', 'Random player'])
"tydon": ('stacks', (1825, 1000, 750, 250, 750, 1525, 975, 925))
"tydon": ('blind amounts', 25, 50)
"tydon": ('blind players', 'Random player 1', 'Random player 2')
"tydon": ('hole cards', [7 of 4, 8 of 4])
"tydon": ('fold', 'Random player 3')
"tydon": ('check or call', 'Random player 4', 50)
"tydon": ('fold', 'Random player 5')
"tydon" - Would you like to:
1. Check or Call
2. All In
3. Fold
4. Raise

Enter a number from 1 to 4. -> 1
"tydon": ('check or call', '"tydon"', 50)
"tydon": ('fold', 'The name of your bot.')
"tydon": ('check or call', 'Random player', 50)
"tydon": ('fold', 'Random player 1')
"tydon": ('check or call', 'Random player 2', 50)
"tydon": ('flop', [10 of 2, 3 of 1, 6 of 1])
"tydon": ('check or call', 'Random player 2', 0)
"tydon": ('check or call', 'Random player 4', 0)
"tydon" - Would you like to:
1. Check or Call
2. All In
3. Fold
4. Raise

Enter a number from 1 to 4. -> 4
How much would you like to bet? -> 222
"tydon": ('raise', '"tydon"', 222)
"tydon": ('fold', 'Random player')
"tydon": ('check or call', 'Random player 2', 222)
"tydon": ('fold', 'Random player 4')
"tydon": ('turn', 2 of 2)
"tydon": ('check or call', 'Random player 2', 0)
"tydon" - Would you like to:
1. Check or Call
2. All In
3. Fold
4. Raise

Enter a number from 1 to 4. -> 1
"tydon": ('check or call', '"tydon"', 0)
"tydon": ('river', 3 of 2)
"tydon": ('check or call', 'Random player 2', 0)
"tydon" - Would you like to:
1. Check or Call
2. All In
3. Fold
4. Raise

Enter a number from 1 to 4. -> 2
"tydon": ('all in', '"tydon"', 1253)
"tydon": ('fold', 'Random player 2')
"tydon": ('reveal', [[5 of 3, 11 of 3], [14 of 4, 2 of 4], [7 of 3, 3 of 3], [8 of 2, 2 of 3], [10 of 3, 9 of 4], [7 of 4, 8 of 4], [12 of 1, 7 of 1], [9 of 3, 3 of 4]])
"tydon": ('winnings', [0, 0, 0, 0, 0, 1922, 0, 0])
"tydon": ('hand', 4)
"tydon": ('players', ['Random player 2', 'Random player 3', 'Random player 4', 'Random player 5', '"tydon"', 'The name of your bot.', 'Random player', 'Random player 1'])
"tydon": ('stacks', (728, 750, 200, 750, 1922, 975, 875, 1800))
"tydon": ('blind amounts', 25, 50)
"tydon": ('blind players', 'Random player 2', 'Random player 3')
"tydon": ('hole cards', [2 of 3, 9 of 3])
"tydon": ('check or call', 'Random player 4', 50)
"tydon": ('raise', 'Random player 5', 300)
"tydon" - Would you like to:
1. Check or Call
2. All In
3. Fold
4. Raise

Enter a number from 1 to 4. -> 4
How much would you like to bet? -> 4
"tydon": ('check or call', '"tydon"', 300)
"tydon": ('fold', 'The name of your bot.')
"tydon": ('fold', 'Random player')
"tydon": ('fold', 'Random player 1')
"tydon": ('check or call', 'Random player 2', 300)
"tydon": ('raise', 'Random player 3', 750)
"tydon": ('check or call', 'Random player 4', 750)
"tydon": ('fold', 'Random player 5')
"tydon" - Would you like to:
1. Check or Call
2. All In
3. Fold
4. Raise

Enter a number from 1 to 4. -> 4
How much would you like to bet? -> 4
"tydon": ('check or call', '"tydon"', 750)
"tydon": ('check or call', 'Random player 2', 750)
"tydon": ('flop', [12 of 1, 3 of 2, 9 of 4])
"tydon": ('turn', 13 of 4)
"tydon": ('river', 5 of 2)
"tydon": ('reveal', [[2 of 1, 10 of 2], [5 of 4, 8 of 4], [2 of 2, 11 of 2], [10 of 4, 13 of 1], [2 of 3, 9 of 3], [14 of 1, 11 of 3], [9 of 1, 7 of 1], [14 of 4, 13 of 3]])
"tydon": ('winnings', [0, 0, 0, 0, 2728, 0, 0, 0])
"tydon": ('hand', 5)
"tydon": ('players', ['"tydon"', 'The name of your bot.', 'Random player', 'Random player 1', 'Random player 5'])
"tydon": ('stacks', (3900, 975, 875, 1800, 450))
"tydon": ('blind amounts', 50, 100)
"tydon": ('blind players', '"tydon"', 'The name of your bot.')
"tydon": ('hole cards', [3 of 3, 10 of 2])
"tydon": ('check or call', 'Random player', 100)
"tydon": ('check or call', 'Random player 1', 100)
"tydon": ('fold', 'Random player 5')
"tydon" - Would you like to:
1. Check or Call
2. All In
3. Fold
4. Raise

Enter a number from 1 to 4. -> 4
How much would you like to bet? -> 4
"tydon": ('check or call', '"tydon"', 100)
"tydon": ('check or call', 'The name of your bot.', 100)
"tydon": ('flop', [2 of 3, 11 of 2, 5 of 3])
"tydon" - Would you like to:
1. Check or Call
2. All In
3. Fold
4. Raise

Enter a number from 1 to 4. -> 2
"tydon": ('all in', '"tydon"', 3800)
"tydon": ('fold', 'The name of your bot.')
"tydon": ('check or call', 'Random player', 3800)
"tydon": ('fold', 'Random player 1')
"tydon": ('turn', 7 of 1)
"tydon": ('river', 7 of 3)
"tydon": ('reveal', [[3 of 3, 10 of 2], [4 of 1, 5 of 2], [8 of 4, 4 of 2], [4 of 4, 11 of 3], [6 of 3, 6 of 4]])
"tydon": ('winnings', [1950, 0, 0, 0, 0])
"tydon": ('hand', 6)
"tydon": ('players', ['The name of your bot.', 'Random player 1', 'Random player 5', '"tydon"'])
"tydon": ('stacks', (875, 1700, 450, 4975))
"tydon": ('blind amounts', 50, 100)
"tydon": ('blind players', 'The name of your bot.', 'Random player 1')
"tydon": ('hole cards', [10 of 3, 8 of 1])
"tydon": ('check or call', 'Random player 5', 100)
"tydon" - Would you like to:
1. Check or Call
2. All In
3. Fold
4. Raise

Enter a number from 1 to 4. -> 2
"tydon": ('all in', '"tydon"', 4975)
"tydon": ('fold', 'The name of your bot.')
"tydon": ('fold', 'Random player 1')
"tydon": ('fold', 'Random player 5')
"tydon": ('reveal', [[10 of 4, 9 of 1], [14 of 1, 11 of 3], [14 of 4, 14 of 3], [10 of 3, 8 of 1]])
"tydon": ('winnings', [0, 0, 0, 5225])
"tydon": ('hand', 7)
"tydon": ('players', ['Random player 1', 'Random player 5', '"tydon"', 'The name of your bot.'])
"tydon": ('stacks', (1600, 350, 5225, 825))
"tydon": ('blind amounts', 50, 100)
"tydon": ('blind players', 'Random player 1', 'Random player 5')
"tydon": ('hole cards', [9 of 1, 9 of 2])
"tydon" - Would you like to:
1. Check or Call
2. All In
3. Fold
4. Raise

Enter a number from 1 to 4. -> 2
"tydon": ('all in', '"tydon"', 5225)
"tydon": ('fold', 'The name of your bot.')
"tydon": ('check or call', 'Random player 1', 5225)
"tydon": ('fold', 'Random player 5')
"tydon": ('flop', [2 of 4, 7 of 4, 7 of 3])
"tydon": ('turn', 8 of 2)
"tydon": ('river', 6 of 2)
"tydon": ('reveal', [[13 of 1, 12 of 1], [9 of 4, 10 of 2], [9 of 1, 9 of 2], [10 of 3, 3 of 2]])
"tydon": ('winnings', [0, 0, 3300, 0])
"tydon": ('hand', 8)
"tydon": ('players', ['"tydon"', 'The name of your bot.', 'Random player 5'])
"tydon": ('stacks', (6925, 825, 250))
"tydon": ('blind amounts', 50, 100)
"tydon": ('blind players', '"tydon"', 'The name of your bot.')
"tydon": ('hole cards', [6 of 4, 3 of 4])
"tydon": ('check or call', 'Random player 5', 100)
"tydon" - Would you like to:
1. Check or Call
2. All In
3. Fold
4. Raise

Enter a number from 1 to 4. -> 2
"tydon": ('all in', '"tydon"', 6925)
"tydon": ('fold', 'The name of your bot.')
"tydon": ('check or call', 'Random player 5', 6925)
"tydon": ('flop', [9 of 1, 5 of 2, 2 of 2])
"tydon": ('turn', 13 of 3)
"tydon": ('river', 14 of 3)
"tydon": ('reveal', [[6 of 4, 3 of 4], [14 of 1, 7 of 4], [6 of 3, 2 of 3]])
"tydon": ('winnings', [0, 0, 600])
"tydon": ('hand', 9)
"tydon": ('players', ['The name of your bot.', 'Random player 5', '"tydon"'])
"tydon": ('stacks', (725, 600, 6675))
"tydon": ('blind amounts', 50, 100)
"tydon": ('blind players', 'The name of your bot.', 'Random player 5')
"tydon": ('hole cards', [6 of 3, 12 of 3])
"tydon" - Would you like to:
1. Check or Call
2. All In
3. Fold
4. Raise

Enter a number from 1 to 4. -> 2
"tydon": ('all in', '"tydon"', 6675)
"tydon": ('fold', 'The name of your bot.')
"tydon": ('check or call', 'Random player 5', 6675)
"tydon": ('flop', [3 of 3, 5 of 3, 14 of 2])
"tydon": ('turn', 6 of 1)
"tydon": ('river', 12 of 1)
"tydon": ('reveal', [[9 of 3, 14 of 4], [13 of 1, 11 of 4], [6 of 3, 12 of 3]])
"tydon": ('winnings', [0, 0, 1250])
"tydon": ('hand', 10)
"tydon": ('players', ['"tydon"', 'The name of your bot.'])
"tydon": ('stacks', (7325, 675))
"tydon": ('blind amounts', 75, 150)
"tydon": ('blind players', 'The name of your bot.', '"tydon"')
"tydon": ('hole cards', [3 of 2, 13 of 3])
"tydon": ('fold', 'The name of your bot.')
"tydon": ('reveal', [[3 of 2, 13 of 3], [9 of 3, 5 of 1]])
"tydon": ('winnings', [225, 0])
"tydon": ('hand', 11)
"tydon": ('players', ['The name of your bot.', '"tydon"'])
"tydon": ('stacks', (600, 7400))
"tydon": ('blind amounts', 75, 150)
"tydon": ('blind players', '"tydon"', 'The name of your bot.')
"tydon": ('hole cards', [5 of 4, 6 of 1])
"tydon" - Would you like to:
1. Check or Call
2. All In
3. Fold
4. Raise

Enter a number from 1 to 4. -> 2
"tydon": ('all in', '"tydon"', 7400)
"tydon": ('fold', 'The name of your bot.')
"tydon": ('reveal', [[8 of 3, 14 of 2], [5 of 4, 6 of 1]])
"tydon": ('winnings', [0, 7550])
"tydon": ('hand', 12)
"tydon": ('players', ['"tydon"', 'The name of your bot.'])
"tydon": ('stacks', (7550, 450))
"tydon": ('blind amounts', 75, 150)
"tydon": ('blind players', 'The name of your bot.', '"tydon"')
"tydon": ('hole cards', [5 of 3, 10 of 4])
"tydon": ('fold', 'The name of your bot.')
"tydon": ('reveal', [[5 of 3, 10 of 4], [3 of 3, 14 of 1]])
"tydon": ('winnings', [225, 0])
"tydon": ('hand', 13)
"tydon": ('players', ['The name of your bot.', '"tydon"'])
"tydon": ('stacks', (375, 7625))
"tydon": ('blind amounts', 75, 150)
"tydon": ('blind players', '"tydon"', 'The name of your bot.')
"tydon": ('hole cards', [8 of 3, 10 of 2])
"tydon" - Would you like to:
1. Check or Call
2. All In
3. Fold
4. Raise

Enter a number from 1 to 4. -> 2
"tydon": ('all in', '"tydon"', 7625)
"tydon": ('fold', 'The name of your bot.')
"tydon": ('reveal', [[13 of 3, 14 of 1], [8 of 3, 10 of 2]])
"tydon": ('winnings', [0, 7775])
"tydon": ('hand', 14)
"tydon": ('players', ['"tydon"', 'The name of your bot.'])
"tydon": ('stacks', (7775, 225))
"tydon": ('blind amounts', 75, 150)
"tydon": ('blind players', 'The name of your bot.', '"tydon"')
"tydon": ('hole cards', [9 of 4, 4 of 1])
"tydon": ('fold', 'The name of your bot.')
"tydon": ('reveal', [[9 of 4, 4 of 1], [5 of 4, 14 of 3]])
"tydon": ('winnings', [225, 0])
"tydon": ('hand', 15)
"tydon": ('players', ['The name of your bot.', '"tydon"'])
"tydon": ('stacks', (150, 7850))
"tydon": ('blind amounts', 100, 200)
"tydon": ('blind players', '"tydon"', 'The name of your bot.')
"tydon": ('hole cards', [9 of 2, 6 of 1])
"tydon" - Would you like to:
1. Check or Call
2. All In
3. Fold
4. Raise

Enter a number from 1 to 4. -> 2
"tydon": ('all in', '"tydon"', 7850)
"tydon": ('flop', [4 of 4, 3 of 2, 14 of 2])
"tydon": ('turn', 5 of 1)
"tydon": ('river', 7 of 1)
"tydon": ('reveal', [[13 of 4, 13 of 2], [9 of 2, 6 of 1]])
"tydon": ('winnings', [0, 300])
"tydon": game end
"tydon": ('winners', ['"tydon"'])
"tydon"
PS C:\Users\night\Downloads\pokerai\pokerai> h = [1,2]
Get-History : Cannot convert 'System.Object[]' to the type 'System.Int32' required by
parameter 'Count'. Specified method is not supported.
At line:1 char:5
+ h = [1,2]
+     ~~~~~
    + CategoryInfo          : InvalidArgument: (:) [Get-History], ParameterBindingExcepti
   on
    + FullyQualifiedErrorId : CannotConvertArgument,Microsoft.PowerShell.Commands.GetHist
   oryCommand

PS C:\Users\night\Downloads\pokerai\pokerai> eeee = [1,2]
eeee : The term 'eeee' is not recognized as the name of a cmdlet, function, script file,
or operable program. Check the spelling of the name, or if a path was included, verify
that the path is correct and try again.
At line:1 char:1
+ eeee = [1,2]
+ ~~~~
    + CategoryInfo          : ObjectNotFound: (eeee:String) [], CommandNotFoundException
    + FullyQualifiedErrorId : CommandNotFoundException

PS C:\Users\night\Downloads\pokerai\pokerai> python poker_kit_game.py
Traceback (most recent call last):
  File "C:\Users\night\Downloads\pokerai\pokerai\poker_kit_game.py", line 255, in <module>
    modules = dynamic_import_from_src("players")
              ^^^^^^^^^^^^^^^^^^^^^^^^^^^^^^^^^^
  File "C:\Users\night\Downloads\pokerai\pokerai\poker_kit_game.py", line 250, in dynamic_import_from_src
    imported_module = dynamic_import(module_name, py_file)
                      ^^^^^^^^^^^^^^^^^^^^^^^^^^^^^^^^^^^^
  File "C:\Users\night\Downloads\pokerai\pokerai\poker_kit_game.py", line 241, in dynamic_import
    module_spec.loader.exec_module(module)
  File "<frozen importlib._bootstrap_external>", line 940, in exec_module
  File "<frozen importlib._bootstrap>", line 241, in _call_with_frames_removed
  File "C:\Users\night\Downloads\pokerai\pokerai\players\tydon.py", line 2, in <module>
    import numpy as np
ModuleNotFoundError: No module named 'numpy'
PS C:\Users\night\Downloads\pokerai\pokerai> import numpy as np
import : The term 'import' is not recognized as the name of a cmdlet, function, script
file, or operable program. Check the spelling of the name, or if a path was included,
verify that the path is correct and try again.
At line:1 char:1
+ import numpy as np
+ ~~~~~~
    + CategoryInfo          : ObjectNotFound: (import:String) [], CommandNotFoundExceptio
   n
    + FullyQualifiedErrorId : CommandNotFoundException

PS C:\Users\night\Downloads\pokerai\pokerai> ^C
PS C:\Users\night\Downloads\pokerai\pokerai> ^C
PS C:\Users\night\Downloads\pokera